    Finished `bench` profile [optimized] target(s) in 0.36s
     Running benches/micro.rs (target/release/deps/micro-9ce4ca8d8e28d6d7)
Gnuplot not found, using plotters backend
Benchmarking column_sequential_scan/1000
Benchmarking column_sequential_scan/1000: Warming up for 3.0000 s
Benchmarking column_sequential_scan/1000: Collecting 100 samples in estimated 5.0001 s (60M iterations)
Benchmarking column_sequential_scan/1000: Analyzing
column_sequential_scan/1000
                        time:   [78.825 ns 89.630 ns 99.805 ns]
                        change: [-9.5559% +2.2391% +16.074%] (p = 0.72 > 0.05)
                        No change in performance detected.
Found 3 outliers among 100 measurements (3.00%)
  3 (3.00%) high mild
Benchmarking column_sequential_scan/10000
Benchmarking column_sequential_scan/10000: Warming up for 3.0000 s
Benchmarking column_sequential_scan/10000: Collecting 100 samples in estimated 5.0020 s (5.6M iterations)
Benchmarking column_sequential_scan/10000: Analyzing
column_sequential_scan/10000
                        time:   [518.93 ns 566.72 ns 621.19 ns]
                        change: [-42.728% -31.332% -16.242%] (p = 0.00 < 0.05)
                        Performance has improved.
Found 10 outliers among 100 measurements (10.00%)
  4 (4.00%) high mild
  6 (6.00%) high severe
Benchmarking column_sequential_scan/100000
Benchmarking column_sequential_scan/100000: Warming up for 3.0000 s
Benchmarking column_sequential_scan/100000: Collecting 100 samples in estimated 5.0101 s (672k iterations)
Benchmarking column_sequential_scan/100000: Analyzing
column_sequential_scan/100000
                        time:   [6.3431 µs 7.3487 µs 8.6028 µs]
                        change: [-5.6296% +7.8632% +22.866%] (p = 0.28 > 0.05)
                        No change in performance detected.
Found 5 outliers among 100 measurements (5.00%)
  4 (4.00%) high mild
  1 (1.00%) high severe
Benchmarking column_sequential_scan/1000000
Benchmarking column_sequential_scan/1000000: Warming up for 3.0000 s
Benchmarking column_sequential_scan/1000000: Collecting 100 samples in estimated 5.1532 s (50k iterations)
Benchmarking column_sequential_scan/1000000: Analyzing
column_sequential_scan/1000000
                        time:   [88.676 µs 94.588 µs 101.33 µs]
                        change: [-5.6873% +4.5974% +15.744%] (p = 0.39 > 0.05)
                        No change in performance detected.
Found 6 outliers among 100 measurements (6.00%)
  4 (4.00%) high mild
  2 (2.00%) high severe

Benchmarking bitmap_get/10000
Benchmarking bitmap_get/10000: Warming up for 3.0000 s
Benchmarking bitmap_get/10000: Collecting 100 samples in estimated 5.0012 s (6.4M iterations)
Benchmarking bitmap_get/10000: Analyzing
bitmap_get/10000        time:   [725.41 ns 829.93 ns 944.11 ns]
                        change: [-19.547% -7.2571% +8.0032%] (p = 0.34 > 0.05)
                        No change in performance detected.
Found 4 outliers among 100 measurements (4.00%)
  1 (1.00%) high mild
  3 (3.00%) high severe
Benchmarking bitmap_get/100000
Benchmarking bitmap_get/100000: Warming up for 3.0000 s
Benchmarking bitmap_get/100000: Collecting 100 samples in estimated 5.0010 s (601k iterations)
Benchmarking bitmap_get/100000: Analyzing
bitmap_get/100000       time:   [6.9002 µs 7.6105 µs 8.4284 µs]
                        change: [+7.0024% +19.704% +32.577%] (p = 0.00 < 0.05)
                        Performance has regressed.
Found 3 outliers among 100 measurements (3.00%)
  3 (3.00%) high mild
Benchmarking bitmap_get/1000000
Benchmarking bitmap_get/1000000: Warming up for 3.0000 s
Benchmarking bitmap_get/1000000: Collecting 100 samples in estimated 5.0362 s (61k iterations)
Benchmarking bitmap_get/1000000: Analyzing
bitmap_get/1000000      time:   [58.896 µs 68.698 µs 81.242 µs]
                        change: [+1.3112% +19.109% +40.089%] (p = 0.05 > 0.05)
                        No change in performance detected.
Found 13 outliers among 100 measurements (13.00%)
  4 (4.00%) high mild
  9 (9.00%) high severe

Benchmarking dictionary_lookup/1000
Benchmarking dictionary_lookup/1000: Warming up for 3.0000 s
Benchmarking dictionary_lookup/1000: Collecting 100 samples in estimated 5.0393 s (101k iterations)
Benchmarking dictionary_lookup/1000: Analyzing
dictionary_lookup/1000  time:   [38.379 µs 43.663 µs 49.176 µs]
                        change: [-67.558% -63.134% -57.858%] (p = 0.00 < 0.05)
                        Performance has improved.
Found 6 outliers among 100 measurements (6.00%)
  6 (6.00%) high mild
Benchmarking dictionary_lookup/10000
Benchmarking dictionary_lookup/10000: Warming up for 3.0000 s
Benchmarking dictionary_lookup/10000: Collecting 100 samples in estimated 5.2619 s (10k iterations)
Benchmarking dictionary_lookup/10000: Analyzing
dictionary_lookup/10000 time:   [460.50 µs 541.84 µs 631.51 µs]
                        change: [-63.306% -57.968% -51.829%] (p = 0.00 < 0.05)
                        Performance has improved.
Found 8 outliers among 100 measurements (8.00%)
  5 (5.00%) high mild
  3 (3.00%) high severe
Benchmarking dictionary_lookup/100000
Benchmarking dictionary_lookup/100000: Warming up for 3.0000 s
Benchmarking dictionary_lookup/100000: Collecting 100 samples in estimated 5.3722 s (700 iterations)
Benchmarking dictionary_lookup/100000: Analyzing
dictionary_lookup/100000
                        time:   [6.2392 ms 6.8687 ms 7.5819 ms]
                        change: [-64.772% -58.764% -52.040%] (p = 0.00 < 0.05)
                        Performance has improved.
Found 4 outliers among 100 measurements (4.00%)
  2 (2.00%) high mild
  2 (2.00%) high severe

